[dotenv@17.2.3] injecting env (15) from .env -- tip: ≡ƒöä add secrets lifecycle management: https://dotenvx.com/ops
Testing S3 Connection...
Endpoint: s3.ap-southeast-1.idrivee2.com
Bucket: verp
Access Key Length: 20
Secret Key Length: 40

1. Attempting ListBuckets...
Success! Buckets found: verp-storage

2. Attempting PutObject (Test File)...
node : 
At line:1 char:1
+ node 
scripts/test-s3.js > 
test_output.txt 2>&1
+ ~~~~~~~~~~~~~~~~~~~
~~~~~~~~~~~~~~~~~~~~~
~~~~~~
    + CategoryInfo   
           : NotSpe  
  cified: (:String   
 ) [], RemoteExce    
ption
    + FullyQualified 
   ErrorId : Native  
  CommandError
 
FAILED!
Error Name: 
AccessDenied
Error Message: 
Access Denied.
file:///C:/Users/Vega
/Desktop/ERP_Project/
VERP_backend/scripts/
test-s3.js:49
        if 
(errorCode = error.$m
etadata?.httpStatusCo
de) {
                     
 ^

ReferenceError: 
errorCode is not 
defined
    at runTest (file:
///C:/Users/Vega/Desk
top/ERP_Project/VERP_
backend/scripts/test-
s3.js:49:23)
    at process.proces
sTicksAndRejections (
node:internal/process
/task_queues:103:5)

Node.js v24.11.1
